

------------------------------------------------------------------------------------------------------------------
Password: 
dirname: invalid option -- 'b'
Try 'dirname --help' for more information.
default principal: panglinzhuo
	renew until 08/13/2026 10:59:30
NowTime: 2026-08-06 10:59:30, Ticket ExpiredTime: 2026-08-07 10:59:30, hello!
-cur_pid=25292
-host: cq-bbjf-swan-174-22
-tag: 10.194.154.148
        inet 10.194.154.148  netmask 255.255.255.0  broadcast 10.194.154.255
-proxy user: panglinzhuo
-log path: /data/nfs/log/20260806/-1_263153_298062831_1785985170.log
-command: cd /bigdata/panglinzhuo/http_service_2/log  && ls -la ./  &&  tail -100 kafka_to_hbase.log
-host: cq-bbjf-swan-174-22
-proxy user: panglinzhuo
total 13716
drwxr-xr-x 2 panglinzhuo hstgrp     4096 Aug  4 16:19 .
drwxr-xr-x 4 panglinzhuo hstgrp     4096 Aug  4 18:14 ..
-rw-r--r-- 1 panglinzhuo hstgrp 14036604 Aug  6 10:58 kafka_to_hbase.log
2026-08-06 10:21:25,101 INFO [kafka_to_hbase_v2] Full-load progress: scanned=3303978 matched=112315 written=90639 last_batch_matched=0 last_batch_skipped=1 type_counts={"103": 1422, "106": 912, "110": 242, "111": 6, "114": 1420, "115": 137, "1202": 2490, "130": 1755, "131": 4955, "132": 29, "135": 1573511, "140": 112315, "1801": 3, "208": 904242, "209": 9201, "217": 22143, "604": 667735, "605": 1452, "<invalid_json>": 8}
2026-08-06 10:21:46,059 WARNING [kafka_to_hbase_v2] Skip POMS type=140 row: Cannot write POMS type=140 row: missing data.vectorList item with type=1 for assetId=5106653436
2026-08-06 10:21:46,059 INFO [kafka_to_hbase_v2] POMS type=140 HBase write status=skipped_invalid_payload table=recommend:video_search_recomm_poms_type1_embedding_multimode row_key=<invalid> fields=['id', 'assetId', 'version', 'time', 'modelName', 'source', 'summary', 'type', 'vector', 'vectorDimension', 'vectorVersion']
2026-08-06 10:22:25,367 INFO [kafka_to_hbase_v2] Full-load progress: scanned=3304609 matched=112337 written=90660 last_batch_matched=1 last_batch_skipped=0 type_counts={"103": 1422, "106": 914, "110": 242, "111": 6, "114": 1420, "115": 137, "1202": 2490, "130": 1757, "131": 4955, "132": 29, "135": 1573816, "140": 112337, "1801": 3, "208": 904354, "209": 9201, "217": 22143, "604": 667923, "605": 1452, "<invalid_json>": 8}
2026-08-06 10:23:25,393 INFO [kafka_to_hbase_v2] Full-load progress: scanned=3305112 matched=112379 written=90702 last_batch_matched=0 last_batch_skipped=1 type_counts={"103": 1422, "106": 914, "110": 242, "111": 6, "114": 1420, "115": 137, "1202": 2491, "130": 1757, "131": 4955, "132": 29, "135": 1573994, "140": 112379, "1801": 3, "208": 904432, "209": 9201, "217": 22143, "604": 668127, "605": 1452, "<invalid_json>": 8}
2026-08-06 10:24:25,681 INFO [kafka_to_hbase_v2] Full-load progress: scanned=3305809 matched=112401 written=90724 last_batch_matched=0 last_batch_skipped=1 type_counts={"103": 1422, "106": 914, "110": 242, "111": 6, "114": 1421, "115": 137, "1202": 2491, "130": 1758, "131": 4955, "132": 29, "135": 1574311, "140": 112401, "1801": 3, "208": 904541, "209": 9204, "217": 22143, "604": 668371, "605": 1452, "<invalid_json>": 8}
2026-08-06 10:24:35,722 WARNING [kafka_to_hbase_v2] Skip POMS type=140 row: Cannot write POMS type=140 row: missing data.vectorList item with type=1 for assetId=5106681732
2026-08-06 10:24:35,722 INFO [kafka_to_hbase_v2] POMS type=140 HBase write status=skipped_invalid_payload table=recommend:video_search_recomm_poms_type1_embedding_multimode row_key=<invalid> fields=['id', 'assetId', 'version', 'time', 'modelName', 'source', 'summary', 'type', 'vector', 'vectorDimension', 'vectorVersion']
2026-08-06 10:24:36,410 WARNING [kafka_to_hbase_v2] Skip POMS type=140 row: Cannot write POMS type=140 row: missing data.vectorList item with type=1 for assetId=5106681622
2026-08-06 10:24:36,410 INFO [kafka_to_hbase_v2] POMS type=140 HBase write status=skipped_invalid_payload table=recommend:video_search_recomm_poms_type1_embedding_multimode row_key=<invalid> fields=['id', 'assetId', 'version', 'time', 'modelName', 'source', 'summary', 'type', 'vector', 'vectorDimension', 'vectorVersion']
2026-08-06 10:24:38,837 WARNING [kafka_to_hbase_v2] Skip POMS type=140 row: Cannot write POMS type=140 row: missing data.vectorList item with type=1 for assetId=5106681711
2026-08-06 10:24:38,837 INFO [kafka_to_hbase_v2] POMS type=140 HBase write status=skipped_invalid_payload table=recommend:video_search_recomm_poms_type1_embedding_multimode row_key=<invalid> fields=['id', 'assetId', 'version', 'time', 'modelName', 'source', 'summary', 'type', 'vector', 'vectorDimension', 'vectorVersion']
2026-08-06 10:25:25,701 INFO [kafka_to_hbase_v2] Full-load progress: scanned=3306492 matched=112415 written=90735 last_batch_matched=0 last_batch_skipped=1 type_counts={"103": 1422, "106": 915, "110": 242, "111": 6, "114": 1421, "115": 137, "1202": 2491, "130": 1759, "131": 4955, "132": 29, "135": 1574620, "140": 112415, "1801": 3, "208": 904651, "209": 9210, "217": 22146, "604": 668610, "605": 1452, "<invalid_json>": 8}
2026-08-06 10:25:29,544 WARNING [kafka_to_hbase_v2] Skip POMS type=140 row: Cannot write POMS type=140 row: missing data.vectorList item with type=1 for assetId=5106681900
2026-08-06 10:25:29,544 INFO [kafka_to_hbase_v2] POMS type=140 HBase write status=skipped_invalid_payload table=recommend:video_search_recomm_poms_type1_embedding_multimode row_key=<invalid> fields=['id', 'assetId', 'version', 'time', 'modelName', 'source', 'summary', 'type', 'vector', 'vectorDimension', 'vectorVersion']
2026-08-06 10:25:47,512 WARNING [kafka_to_hbase_v2] Skip POMS type=140 row: Cannot write POMS type=140 row: missing data.vectorList item with type=1 for assetId=5106682036
2026-08-06 10:25:47,512 INFO [kafka_to_hbase_v2] POMS type=140 HBase write status=skipped_invalid_payload table=recommend:video_search_recomm_poms_type1_embedding_multimode row_key=<invalid> fields=['id', 'assetId', 'version', 'time', 'modelName', 'source', 'summary', 'type', 'vector', 'vectorDimension', 'vectorVersion']
2026-08-06 10:26:25,766 INFO [kafka_to_hbase_v2] Full-load progress: scanned=3307218 matched=112434 written=90752 last_batch_matched=0 last_batch_skipped=1 type_counts={"103": 1422, "106": 915, "110": 242, "111": 6, "114": 1421, "115": 137, "1202": 2491, "130": 1759, "131": 4955, "132": 29, "135": 1575001, "140": 112434, "1801": 3, "208": 904768, "209": 9219, "217": 22149, "604": 668807, "605": 1452, "<invalid_json>": 8}
2026-08-06 10:27:25,824 INFO [kafka_to_hbase_v2] Full-load progress: scanned=3307775 matched=112451 written=90769 last_batch_matched=1 last_batch_skipped=0 type_counts={"103": 1422, "106": 916, "110": 242, "111": 6, "114": 1423, "115": 137, "1202": 2491, "130": 1759, "131": 4955, "132": 29, "135": 1575292, "140": 112451, "1801": 3, "208": 904848, "209": 9225, "217": 22149, "604": 668967, "605": 1452, "<invalid_json>": 8}
2026-08-06 10:28:25,847 INFO [kafka_to_hbase_v2] Full-load progress: scanned=3308373 matched=112484 written=90802 last_batch_matched=0 last_batch_skipped=1 type_counts={"103": 1422, "106": 917, "110": 242, "111": 6, "114": 1423, "115": 137, "1202": 2491, "130": 1759, "131": 4955, "132": 29, "135": 1575562, "140": 112484, "1801": 3, "208": 904964, "209": 9231, "217": 22149, "604": 669139, "605": 1452, "<invalid_json>": 8}
2026-08-06 10:29:25,913 INFO [kafka_to_hbase_v2] Full-load progress: scanned=3309060 matched=112512 written=90830 last_batch_matched=0 last_batch_skipped=1 type_counts={"103": 1422, "106": 917, "110": 242, "111": 6, "114": 1424, "115": 137, "1202": 2491, "130": 1759, "131": 4955, "132": 29, "135": 1575871, "140": 112512, "1801": 3, "208": 905050, "209": 9240, "217": 22149, "604": 669393, "605": 1452, "<invalid_json>": 8}
2026-08-06 10:30:26,009 INFO [kafka_to_hbase_v2] Full-load progress: scanned=3309992 matched=112558 written=90876 last_batch_matched=0 last_batch_skipped=1 type_counts={"103": 1422, "106": 917, "110": 242, "111": 6, "114": 1424, "115": 137, "1202": 2491, "130": 1759, "131": 4955, "132": 29, "135": 1576168, "140": 112558, "1801": 3, "208": 905318, "209": 9249, "217": 22149, "604": 669705, "605": 1452, "<invalid_json>": 8}
2026-08-06 10:31:26,235 INFO [kafka_to_hbase_v2] Full-load progress: scanned=3310987 matched=112583 written=90901 last_batch_matched=0 last_batch_skipped=1 type_counts={"103": 1422, "106": 918, "110": 242, "111": 6, "114": 1424, "115": 137, "1202": 2491, "130": 1759, "131": 4955, "132": 29, "135": 1576642, "140": 112583, "1801": 3, "208": 905462, "209": 9252, "217": 22149, "604": 670053, "605": 1452, "<invalid_json>": 8}
2026-08-06 10:32:26,282 INFO [kafka_to_hbase_v2] Full-load progress: scanned=3312285 matched=112618 written=90936 last_batch_matched=0 last_batch_skipped=1 type_counts={"103": 1422, "106": 918, "110": 242, "111": 6, "114": 1424, "115": 137, "1202": 2491, "130": 1761, "131": 4955, "132": 29, "135": 1577329, "140": 112618, "1801": 3, "208": 905680, "209": 9292, "217": 22149, "604": 670369, "605": 1452, "<invalid_json>": 8}
2026-08-06 10:33:26,321 INFO [kafka_to_hbase_v2] Full-load progress: scanned=3313310 matched=112640 written=90958 last_batch_matched=0 last_batch_skipped=1 type_counts={"103": 1422, "106": 919, "110": 242, "111": 6, "114": 1424, "115": 137, "1202": 2491, "130": 1761, "131": 4955, "132": 29, "135": 1577680, "140": 112640, "1801": 3, "208": 905892, "209": 9311, "217": 22149, "604": 670789, "605": 1452, "<invalid_json>": 8}
2026-08-06 10:34:26,368 INFO [kafka_to_hbase_v2] Full-load progress: scanned=3314198 matched=112681 written=90999 last_batch_matched=0 last_batch_skipped=1 type_counts={"103": 1422, "106": 919, "110": 242, "111": 6, "114": 1424, "115": 137, "1202": 2491, "130": 1761, "131": 4955, "132": 29, "135": 1578019, "140": 112681, "1801": 3, "208": 906056, "209": 9314, "217": 22149, "604": 671130, "605": 1452, "<invalid_json>": 8}
2026-08-06 10:34:50,720 WARNING [kafka_to_hbase_v2] Skip POMS type=140 row: Cannot write POMS type=140 row: missing data.vectorList item with type=1 for assetId=5106597727
2026-08-06 10:34:50,720 INFO [kafka_to_hbase_v2] POMS type=140 HBase write status=skipped_invalid_payload table=recommend:video_search_recomm_poms_type1_embedding_multimode row_key=<invalid> fields=['id', 'assetId', 'version', 'time', 'modelName', 'source', 'summary', 'type', 'vector', 'vectorDimension', 'vectorVersion']
2026-08-06 10:35:26,378 INFO [kafka_to_hbase_v2] Full-load progress: scanned=3315455 matched=112707 written=91024 last_batch_matched=0 last_batch_skipped=1 type_counts={"103": 1422, "106": 922, "110": 242, "111": 6, "114": 1424, "115": 137, "1202": 2491, "130": 1761, "131": 4955, "132": 29, "135": 1578646, "140": 112707, "1801": 3, "208": 906229, "209": 9314, "217": 22152, "604": 671555, "605": 1452, "<invalid_json>": 8}
2026-08-06 10:36:26,386 INFO [kafka_to_hbase_v2] Full-load progress: scanned=3316487 matched=112737 written=91054 last_batch_matched=0 last_batch_skipped=1 type_counts={"103": 1422, "106": 923, "110": 242, "111": 6, "114": 1425, "115": 137, "1202": 2491, "130": 1761, "131": 4955, "132": 29, "135": 1579078, "140": 112737, "1801": 3, "208": 906411, "209": 9314, "217": 22152, "604": 671941, "605": 1452, "<invalid_json>": 8}
2026-08-06 10:36:57,133 WARNING [kafka_to_hbase_v2] Skip POMS type=140 row: Cannot write POMS type=140 row: missing data.vectorList item with type=1 for assetId=5106597722
2026-08-06 10:36:57,133 INFO [kafka_to_hbase_v2] POMS type=140 HBase write status=skipped_invalid_payload table=recommend:video_search_recomm_poms_type1_embedding_multimode row_key=<invalid> fields=['id', 'assetId', 'version', 'time', 'modelName', 'source', 'summary', 'type', 'vector', 'vectorDimension', 'vectorVersion']
2026-08-06 10:37:21,587 WARNING [kafka_to_hbase_v2] Skip POMS type=140 row: Cannot write POMS type=140 row: missing data.vectorList item with type=1 for assetId=5106597726
2026-08-06 10:37:21,587 INFO [kafka_to_hbase_v2] POMS type=140 HBase write status=skipped_invalid_payload table=recommend:video_search_recomm_poms_type1_embedding_multimode row_key=<invalid> fields=['id', 'assetId', 'version', 'time', 'modelName', 'source', 'summary', 'type', 'vector', 'vectorDimension', 'vectorVersion']
2026-08-06 10:37:26,447 INFO [kafka_to_hbase_v2] Full-load progress: scanned=3317458 matched=112756 written=91071 last_batch_matched=0 last_batch_skipped=2 type_counts={"103": 1422, "106": 924, "110": 242, "111": 6, "114": 1425, "115": 137, "1202": 2491, "130": 1761, "131": 4955, "132": 29, "135": 1579591, "140": 112756, "1801": 3, "208": 906532, "209": 9314, "217": 22167, "604": 672243, "605": 1452, "<invalid_json>": 8}
2026-08-06 10:37:46,222 WARNING [kafka_to_hbase_v2] Skip POMS type=140 row: Cannot write POMS type=140 row: missing data.vectorList item with type=1 for assetId=5106598999
2026-08-06 10:37:46,222 INFO [kafka_to_hbase_v2] POMS type=140 HBase write status=skipped_invalid_payload table=recommend:video_search_recomm_poms_type1_embedding_multimode row_key=<invalid> fields=['id', 'assetId', 'version', 'time', 'modelName', 'source', 'summary', 'type', 'vector', 'vectorDimension', 'vectorVersion']
2026-08-06 10:37:47,188 WARNING [kafka_to_hbase_v2] Skip POMS type=140 row: Cannot write POMS type=140 row: missing data.vectorList item with type=1 for assetId=5106597728
2026-08-06 10:37:47,190 INFO [kafka_to_hbase_v2] POMS type=140 HBase write status=skipped_invalid_payload table=recommend:video_search_recomm_poms_type1_embedding_multimode row_key=<invalid> fields=['id', 'assetId', 'version', 'time', 'modelName', 'source', 'summary', 'type', 'vector', 'vectorDimension', 'vectorVersion']
2026-08-06 10:38:06,570 WARNING [kafka_to_hbase_v2] Skip POMS type=140 row: Cannot write POMS type=140 row: missing data.vectorList item with type=1 for assetId=5106597719
2026-08-06 10:38:06,570 INFO [kafka_to_hbase_v2] POMS type=140 HBase write status=skipped_invalid_payload table=recommend:video_search_recomm_poms_type1_embedding_multimode row_key=<invalid> fields=['id', 'assetId', 'version', 'time', 'modelName', 'source', 'summary', 'type', 'vector', 'vectorDimension', 'vectorVersion']
2026-08-06 10:38:17,472 WARNING [kafka_to_hbase_v2] Skip POMS type=140 row: Cannot write POMS type=140 row: missing data.vectorList item with type=1 for assetId=5106597725
2026-08-06 10:38:17,472 INFO [kafka_to_hbase_v2] POMS type=140 HBase write status=skipped_invalid_payload table=recommend:video_search_recomm_poms_type1_embedding_multimode row_key=<invalid> fields=['id', 'assetId', 'version', 'time', 'modelName', 'source', 'summary', 'type', 'vector', 'vectorDimension', 'vectorVersion']
2026-08-06 10:38:26,520 INFO [kafka_to_hbase_v2] Full-load progress: scanned=3318248 matched=112779 written=91090 last_batch_matched=0 last_batch_skipped=1 type_counts={"103": 1422, "106": 925, "110": 242, "111": 6, "114": 1425, "115": 137, "1202": 2492, "130": 1761, "131": 4955, "132": 29, "135": 1579912, "140": 112779, "1801": 3, "208": 906667, "209": 9314, "217": 22170, "604": 672549, "605": 1452, "<invalid_json>": 8}
2026-08-06 10:38:44,491 WARNING [kafka_to_hbase_v2] Skip POMS type=140 row: Cannot write POMS type=140 row: missing data.vectorList item with type=1 for assetId=5106597720
2026-08-06 10:38:44,491 INFO [kafka_to_hbase_v2] POMS type=140 HBase write status=skipped_invalid_payload table=recommend:video_search_recomm_poms_type1_embedding_multimode row_key=<invalid> fields=['id', 'assetId', 'version', 'time', 'modelName', 'source', 'summary', 'type', 'vector', 'vectorDimension', 'vectorVersion']
2026-08-06 10:38:47,958 WARNING [kafka_to_hbase_v2] Skip POMS type=140 row: Cannot write POMS type=140 row: missing data.vectorList item with type=1 for assetId=5106597724
2026-08-06 10:38:47,959 INFO [kafka_to_hbase_v2] POMS type=140 HBase write status=skipped_invalid_payload table=recommend:video_search_recomm_poms_type1_embedding_multimode row_key=<invalid> fields=['id', 'assetId', 'version', 'time', 'modelName', 'source', 'summary', 'type', 'vector', 'vectorDimension', 'vectorVersion']
2026-08-06 10:39:12,441 WARNING [kafka_to_hbase_v2] Skip POMS type=140 row: Cannot write POMS type=140 row: missing data.vectorList item with type=1 for assetId=5106597729
2026-08-06 10:39:12,441 INFO [kafka_to_hbase_v2] POMS type=140 HBase write status=skipped_invalid_payload table=recommend:video_search_recomm_poms_type1_embedding_multimode row_key=<invalid> fields=['id', 'assetId', 'version', 'time', 'modelName', 'source', 'summary', 'type', 'vector', 'vectorDimension', 'vectorVersion']
2026-08-06 10:39:12,935 WARNING [kafka_to_hbase_v2] Skip POMS type=140 row: Cannot write POMS type=140 row: missing data.vectorList item with type=1 for assetId=5106597731
2026-08-06 10:39:12,935 INFO [kafka_to_hbase_v2] POMS type=140 HBase write status=skipped_invalid_payload table=recommend:video_search_recomm_poms_type1_embedding_multimode row_key=<invalid> fields=['id', 'assetId', 'version', 'time', 'modelName', 'source', 'summary', 'type', 'vector', 'vectorDimension', 'vectorVersion']
2026-08-06 10:39:26,550 INFO [kafka_to_hbase_v2] Full-load progress: scanned=3318847 matched=112815 written=91122 last_batch_matched=0 last_batch_skipped=1 type_counts={"103": 1423, "106": 925, "110": 242, "111": 6, "114": 1425, "115": 137, "1202": 2492, "130": 1761, "131": 4955, "132": 29, "135": 1580188, "140": 112815, "1801": 3, "208": 906756, "209": 9314, "217": 22173, "604": 672743, "605": 1452, "<invalid_json>": 8}
2026-08-06 10:39:27,245 WARNING [kafka_to_hbase_v2] Skip POMS type=140 row: Cannot write POMS type=140 row: missing data.vectorList item with type=1 for assetId=5106678649
2026-08-06 10:39:27,246 INFO [kafka_to_hbase_v2] POMS type=140 HBase write status=skipped_invalid_payload table=recommend:video_search_recomm_poms_type1_embedding_multimode row_key=<invalid> fields=['id', 'assetId', 'version', 'time', 'modelName', 'source', 'summary', 'type', 'vector', 'vectorDimension', 'vectorVersion']
2026-08-06 10:39:38,276 WARNING [kafka_to_hbase_v2] Skip POMS type=140 row: Cannot write POMS type=140 row: missing data.vectorList item with type=1 for assetId=5106597730
2026-08-06 10:39:38,276 INFO [kafka_to_hbase_v2] POMS type=140 HBase write status=skipped_invalid_payload table=recommend:video_search_recomm_poms_type1_embedding_multimode row_key=<invalid> fields=['id', 'assetId', 'version', 'time', 'modelName', 'source', 'summary', 'type', 'vector', 'vectorDimension', 'vectorVersion']
2026-08-06 10:39:38,976 WARNING [kafka_to_hbase_v2] Skip POMS type=140 row: Cannot write POMS type=140 row: missing data.vectorList item with type=1 for assetId=5106597723
2026-08-06 10:39:38,976 INFO [kafka_to_hbase_v2] POMS type=140 HBase write status=skipped_invalid_payload table=recommend:video_search_recomm_poms_type1_embedding_multimode row_key=<invalid> fields=['id', 'assetId', 'version', 'time', 'modelName', 'source', 'summary', 'type', 'vector', 'vectorDimension', 'vectorVersion']
2026-08-06 10:40:26,744 INFO [kafka_to_hbase_v2] Full-load progress: scanned=3319299 matched=112851 written=91155 last_batch_matched=0 last_batch_skipped=1 type_counts={"103": 1423, "106": 928, "110": 242, "111": 6, "114": 1425, "115": 137, "1202": 2492, "130": 1761, "131": 4955, "132": 29, "135": 1580417, "140": 112851, "1801": 3, "208": 906817, "209": 9314, "217": 22176, "604": 672863, "605": 1452, "<invalid_json>": 8}
2026-08-06 10:41:15,283 WARNING [kafka_to_hbase_v2] Skip POMS type=140 row: Cannot write POMS type=140 row: missing data.vectorList item with type=1 for assetId=5103452710
2026-08-06 10:41:15,283 INFO [kafka_to_hbase_v2] POMS type=140 HBase write status=skipped_invalid_payload table=recommend:video_search_recomm_poms_type1_embedding_multimode row_key=<invalid> fields=['id', 'assetId', 'version', 'time', 'modelName', 'source', 'summary', 'type', 'vector', 'vectorDimension', 'vectorVersion']
2026-08-06 10:41:26,757 INFO [kafka_to_hbase_v2] Full-load progress: scanned=3320039 matched=112892 written=91195 last_batch_matched=0 last_batch_skipped=1 type_counts={"103": 1423, "106": 929, "110": 242, "111": 6, "114": 1427, "115": 137, "1202": 2492, "130": 1761, "131": 4956, "132": 29, "135": 1580931, "140": 112892, "1801": 3, "208": 906880, "209": 9314, "217": 22182, "604": 672975, "605": 1452, "<invalid_json>": 8}
2026-08-06 10:42:26,767 INFO [kafka_to_hbase_v2] Full-load progress: scanned=3320670 matched=112914 written=91217 last_batch_matched=0 last_batch_skipped=1 type_counts={"103": 1423, "106": 929, "110": 242, "111": 6, "114": 1428, "115": 137, "1202": 2492, "130": 1761, "131": 4957, "132": 29, "135": 1581305, "140": 112914, "1801": 3, "208": 906950, "209": 9314, "217": 22185, "604": 673135, "605": 1452, "<invalid_json>": 8}
2026-08-06 10:43:26,831 INFO [kafka_to_hbase_v2] Full-load progress: scanned=3321398 matched=112944 written=91247 last_batch_matched=0 last_batch_skipped=1 type_counts={"103": 1423, "106": 931, "110": 242, "111": 6, "114": 1432, "115": 137, "1202": 2492, "130": 1761, "131": 4957, "132": 29, "135": 1581712, "140": 112944, "1801": 3, "208": 907027, "209": 9314, "217": 22191, "604": 673337, "605": 1452, "<invalid_json>": 8}
2026-08-06 10:43:48,215 WARNING [kafka_to_hbase_v2] Skip POMS type=140 row: Cannot write POMS type=140 row: missing data.vectorList item with type=1 for assetId=5106598996
2026-08-06 10:43:48,215 INFO [kafka_to_hbase_v2] POMS type=140 HBase write status=skipped_invalid_payload table=recommend:video_search_recomm_poms_type1_embedding_multimode row_key=<invalid> fields=['id', 'assetId', 'version', 'time', 'modelName', 'source', 'summary', 'type', 'vector', 'vectorDimension', 'vectorVersion']
2026-08-06 10:44:27,339 INFO [kafka_to_hbase_v2] Full-load progress: scanned=3321948 matched=112980 written=91282 last_batch_matched=0 last_batch_skipped=1 type_counts={"103": 1423, "106": 931, "110": 242, "111": 6, "114": 1439, "115": 137, "1202": 2492, "130": 1761, "131": 4957, "132": 29, "135": 1581931, "140": 112980, "1801": 3, "208": 907104, "209": 9314, "217": 22191, "604": 673548, "605": 1452, "<invalid_json>": 8}
2026-08-06 10:45:22,938 WARNING [kafka_to_hbase_v2] Skip POMS type=140 row: Cannot write POMS type=140 row: missing data.vectorList item with type=1 for assetId=5106678712
2026-08-06 10:45:22,938 INFO [kafka_to_hbase_v2] POMS type=140 HBase write status=skipped_invalid_payload table=recommend:video_search_recomm_poms_type1_embedding_multimode row_key=<invalid> fields=['id', 'assetId', 'version', 'time', 'modelName', 'source', 'summary', 'type', 'vector', 'vectorDimension', 'vectorVersion']
2026-08-06 10:45:27,364 INFO [kafka_to_hbase_v2] Full-load progress: scanned=3322460 matched=113018 written=91319 last_batch_matched=0 last_batch_skipped=1 type_counts={"103": 1423, "106": 935, "110": 242, "111": 6, "114": 1445, "115": 137, "1202": 2492, "130": 1761, "131": 4957, "132": 29, "135": 1582144, "140": 113018, "1801": 3, "208": 907196, "209": 9314, "217": 22191, "604": 673707, "605": 1452, "<invalid_json>": 8}
2026-08-06 10:46:27,972 INFO [kafka_to_hbase_v2] Full-load progress: scanned=3322952 matched=113051 written=91352 last_batch_matched=0 last_batch_skipped=1 type_counts={"103": 1423, "106": 938, "110": 252, "111": 6, "114": 1453, "115": 137, "1202": 2492, "130": 1761, "131": 4957, "132": 29, "135": 1582360, "140": 113051, "1801": 3, "208": 907294, "209": 9314, "217": 22200, "604": 673822, "605": 1452, "<invalid_json>": 8}
2026-08-06 10:47:28,127 INFO [kafka_to_hbase_v2] Full-load progress: scanned=3323390 matched=113079 written=91380 last_batch_matched=0 last_batch_skipped=1 type_counts={"103": 1423, "106": 938, "110": 252, "111": 6, "114": 1460, "115": 137, "1202": 2492, "130": 1763, "131": 4957, "132": 29, "135": 1582543, "140": 113079, "1801": 3, "208": 907383, "209": 9314, "217": 22200, "604": 673951, "605": 1452, "<invalid_json>": 8}
2026-08-06 10:48:28,290 INFO [kafka_to_hbase_v2] Full-load progress: scanned=3324278 matched=113113 written=91414 last_batch_matched=0 last_batch_skipped=1 type_counts={"103": 1423, "106": 938, "110": 252, "111": 6, "114": 1469, "115": 137, "1202": 2492, "130": 1763, "131": 4957, "132": 29, "135": 1583065, "140": 113113, "1801": 3, "208": 907492, "209": 9314, "217": 22203, "604": 674162, "605": 1452, "<invalid_json>": 8}
2026-08-06 10:49:03,091 WARNING [kafka_to_hbase_v2] Skip POMS type=140 row: Cannot write POMS type=140 row: missing data.vectorList item with type=1 for assetId=5106710000
2026-08-06 10:49:03,091 INFO [kafka_to_hbase_v2] POMS type=140 HBase write status=skipped_invalid_payload table=recommend:video_search_recomm_poms_type1_embedding_multimode row_key=<invalid> fields=['id', 'assetId', 'version', 'time', 'modelName', 'source', 'summary', 'type', 'vector', 'vectorDimension', 'vectorVersion']
2026-08-06 10:49:17,043 WARNING [kafka_to_hbase_v2] Skip POMS type=140 row: Cannot write POMS type=140 row: missing data.vectorList item with type=1 for assetId=5105596527
2026-08-06 10:49:17,043 INFO [kafka_to_hbase_v2] POMS type=140 HBase write status=skipped_invalid_payload table=recommend:video_search_recomm_poms_type1_embedding_multimode row_key=<invalid> fields=['id', 'assetId', 'version', 'time', 'modelName', 'source', 'summary', 'type', 'vector', 'vectorDimension', 'vectorVersion']
2026-08-06 10:49:28,305 INFO [kafka_to_hbase_v2] Full-load progress: scanned=3324698 matched=113156 written=91455 last_batch_matched=0 last_batch_skipped=1 type_counts={"103": 1423, "106": 940, "110": 252, "111": 6, "114": 1475, "115": 137, "1202": 2492, "130": 1763, "131": 4959, "132": 29, "135": 1583214, "140": 113156, "1801": 3, "208": 907544, "209": 9314, "217": 22203, "604": 674328, "605": 1452, "<invalid_json>": 8}
2026-08-06 10:50:29,858 INFO [kafka_to_hbase_v2] Full-load progress: scanned=3325460 matched=113179 written=91478 last_batch_matched=0 last_batch_skipped=1 type_counts={"103": 1423, "106": 940, "110": 252, "111": 6, "114": 1483, "115": 137, "1202": 2492, "130": 1763, "131": 4959, "132": 29, "135": 1583711, "140": 113179, "1801": 3, "208": 907627, "209": 9314, "217": 22203, "604": 674479, "605": 1452, "<invalid_json>": 8}
2026-08-06 10:51:29,967 INFO [kafka_to_hbase_v2] Full-load progress: scanned=3325737 matched=113183 written=91482 last_batch_matched=0 last_batch_skipped=1 type_counts={"103": 1423, "106": 941, "110": 252, "111": 6, "114": 1492, "115": 137, "1202": 2492, "130": 1763, "131": 4959, "132": 29, "135": 1583830, "140": 113183, "1801": 3, "208": 907675, "209": 9314, "217": 22203, "604": 674575, "605": 1452, "<invalid_json>": 8}
2026-08-06 10:52:23,364 WARNING [kafka_to_hbase_v2] Skip POMS type=140 row: Cannot write POMS type=140 row: missing data.vectorList item with type=1 for assetId=5105596532
2026-08-06 10:52:23,364 INFO [kafka_to_hbase_v2] POMS type=140 HBase write status=skipped_invalid_payload table=recommend:video_search_recomm_poms_type1_embedding_multimode row_key=<invalid> fields=['id', 'assetId', 'version', 'time', 'modelName', 'source', 'summary', 'type', 'vector', 'vectorDimension', 'vectorVersion']
2026-08-06 10:52:31,916 INFO [kafka_to_hbase_v2] Full-load progress: scanned=3326407 matched=113201 written=91499 last_batch_matched=0 last_batch_skipped=1 type_counts={"103": 1423, "106": 942, "110": 252, "111": 6, "114": 1500, "115": 137, "1202": 2492, "130": 1763, "131": 4960, "132": 29, "135": 1584301, "140": 113201, "1801": 3, "208": 907762, "209": 9314, "217": 22203, "604": 674659, "605": 1452, "<invalid_json>": 8}
2026-08-06 10:53:24,883 WARNING [kafka_to_hbase_v2] Skip POMS type=140 row: Cannot write POMS type=140 row: missing data.vectorList item with type=1 for assetId=5105596526
2026-08-06 10:53:24,883 INFO [kafka_to_hbase_v2] POMS type=140 HBase write status=skipped_invalid_payload table=recommend:video_search_recomm_poms_type1_embedding_multimode row_key=<invalid> fields=['id', 'assetId', 'version', 'time', 'modelName', 'source', 'summary', 'type', 'vector', 'vectorDimension', 'vectorVersion']
2026-08-06 10:53:32,501 INFO [kafka_to_hbase_v2] Full-load progress: scanned=3327169 matched=113208 written=91505 last_batch_matched=0 last_batch_skipped=1 type_counts={"103": 1423, "106": 943, "110": 252, "111": 6, "114": 1509, "115": 137, "1202": 2492, "130": 1763, "131": 4961, "132": 29, "135": 1584844, "140": 113208, "1801": 3, "208": 907824, "209": 9314, "217": 22206, "604": 674795, "605": 1452, "<invalid_json>": 8}
2026-08-06 10:54:00,539 WARNING [kafka_to_hbase_v2] Skip POMS type=140 row: Cannot write POMS type=140 row: missing data.vectorList item with type=1 for assetId=5105837777
2026-08-06 10:54:00,539 INFO [kafka_to_hbase_v2] POMS type=140 HBase write status=skipped_invalid_payload table=recommend:video_search_recomm_poms_type1_embedding_multimode row_key=<invalid> fields=['id', 'assetId', 'version', 'time', 'modelName', 'source', 'summary', 'type', 'vector', 'vectorDimension', 'vectorVersion']
2026-08-06 10:54:34,825 INFO [kafka_to_hbase_v2] Full-load progress: scanned=3327469 matched=113217 written=91513 last_batch_matched=0 last_batch_skipped=1 type_counts={"103": 1423, "106": 943, "110": 252, "111": 6, "114": 1516, "115": 137, "1202": 2492, "130": 1763, "131": 4961, "132": 29, "135": 1584970, "140": 113217, "1801": 3, "208": 907877, "209": 9314, "217": 22212, "604": 674894, "605": 1452, "<invalid_json>": 8}
2026-08-06 10:55:36,047 INFO [kafka_to_hbase_v2] Full-load progress: scanned=3327741 matched=113224 written=91520 last_batch_matched=0 last_batch_skipped=1 type_counts={"103": 1423, "106": 943, "110": 252, "111": 6, "114": 1524, "115": 137, "1202": 2492, "130": 1765, "131": 4962, "132": 29, "135": 1585092, "140": 113224, "1801": 3, "208": 907921, "209": 9314, "217": 22212, "604": 674982, "605": 1452, "<invalid_json>": 8}
2026-08-06 10:56:36,538 INFO [kafka_to_hbase_v2] Full-load progress: scanned=3328243 matched=113234 written=91530 last_batch_matched=0 last_batch_skipped=1 type_counts={"103": 1423, "106": 944, "110": 252, "111": 6, "114": 1535, "115": 137, "1202": 2492, "130": 1765, "131": 4962, "132": 29, "135": 1585348, "140": 113234, "1801": 3, "208": 908001, "209": 9314, "217": 22212, "604": 675126, "605": 1452, "<invalid_json>": 8}
2026-08-06 10:57:16,046 WARNING [kafka_to_hbase_v2] Skip POMS type=140 row: Cannot write POMS type=140 row: missing data.vectorList item with type=1 for assetId=5105596449
2026-08-06 10:57:16,046 INFO [kafka_to_hbase_v2] POMS type=140 HBase write status=skipped_invalid_payload table=recommend:video_search_recomm_poms_type1_embedding_multimode row_key=<invalid> fields=['id', 'assetId', 'version', 'time', 'modelName', 'source', 'summary', 'type', 'vector', 'vectorDimension', 'vectorVersion']
2026-08-06 10:57:36,593 INFO [kafka_to_hbase_v2] Full-load progress: scanned=3328599 matched=113244 written=91539 last_batch_matched=0 last_batch_skipped=1 type_counts={"103": 1423, "106": 946, "110": 252, "111": 6, "114": 1542, "115": 137, "1202": 2492, "130": 1765, "131": 4963, "132": 29, "135": 1585526, "140": 113244, "1801": 3, "208": 908066, "209": 9314, "217": 22212, "604": 675219, "605": 1452, "<invalid_json>": 8}
2026-08-06 10:57:54,390 WARNING [kafka_to_hbase_v2] Skip POMS type=140 row: Cannot write POMS type=140 row: missing data.vectorList item with type=1 for assetId=5106678868
2026-08-06 10:57:54,391 INFO [kafka_to_hbase_v2] POMS type=140 HBase write status=skipped_invalid_payload table=recommend:video_search_recomm_poms_type1_embedding_multimode row_key=<invalid> fields=['id', 'assetId', 'version', 'time', 'modelName', 'source', 'summary', 'type', 'vector', 'vectorDimension', 'vectorVersion']
2026-08-06 10:57:56,591 WARNING [kafka_to_hbase_v2] Skip POMS type=140 row: Cannot write POMS type=140 row: missing data.vectorList item with type=1 for assetId=5105596417
2026-08-06 10:57:56,592 INFO [kafka_to_hbase_v2] POMS type=140 HBase write status=skipped_invalid_payload table=recommend:video_search_recomm_poms_type1_embedding_multimode row_key=<invalid> fields=['id', 'assetId', 'version', 'time', 'modelName', 'source', 'summary', 'type', 'vector', 'vectorDimension', 'vectorVersion']
2026-08-06 10:58:37,888 INFO [kafka_to_hbase_v2] Full-load progress: scanned=3329110 matched=113270 written=91563 last_batch_matched=0 last_batch_skipped=1 type_counts={"103": 1423, "106": 946, "110": 252, "111": 6, "114": 1555, "115": 137, "1202": 2492, "130": 1765, "131": 4965, "132": 29, "135": 1585804, "140": 113270, "1801": 3, "208": 908170, "209": 9314, "217": 22212, "604": 675307, "605": 1452, "<invalid_json>": 8}
exit code: 0
